
03-05 21:28:25.463  1227  1733 E MediaProvider:         at com.android.providers.media.MediaProvider.insertFileForFuse(MediaProvider.java:6705)
03-05 21:28:25.463  1227  1733 E MediaProvider:         at com.android.providers.media.MediaProvider.insertFileIfNecessaryForFuse(MediaProvider.java:6792)
03-05 21:28:25.463  2162  2215 I MinecraftPE: Failed to create chunk file /storage/emulated/0/games/com.mojang/minecraftWorlds/Unnamed world/chunks.dat
03-05 21:28:25.474  1227  1733 W MediaProvider: Forgot to handle a top level directory in getContentUriForFile?
03-05 21:28:25.479  1227  1733 E MediaProvider: insertFileIfNecessary failed
03-05 21:28:25.479  1227  1733 E MediaProvider: java.lang.IllegalArgumentException: Primary directory games not allowed for content://media/external_primary/file; allowed directories are [Download, Documents]
03-05 21:28:25.479  1227  1733 E MediaProvider:         at com.android.providers.media.MediaProvider.ensureFileColumns(MediaProvider.java:2707)
03-05 21:28:25.479  1227  1733 E MediaProvider:         at com.android.providers.media.MediaProvider.ensureUniqueFileColumns(MediaProvider.java:2372)
03-05 21:28:25.479  1227  1733 E MediaProvider:         at com.android.providers.media.MediaProvider.insertFile(MediaProvider.java:2982)
03-05 21:28:25.479  1227  1733 E MediaProvider:         at com.android.providers.media.MediaProvider.insertInternal(MediaProvider.java:3521)
03-05 21:28:25.479  1227  1733 E MediaProvider:         at com.android.providers.media.MediaProvider.insert(MediaProvider.java:3237)
03-05 21:28:25.479  1227  1733 E MediaProvider:         at com.android.providers.media.MediaProvider.insertFileForFuse(MediaProvider.java:6705)
03-05 21:28:25.479  1227  1733 E MediaProvider:         at com.android.providers.media.MediaProvider.insertFileIfNecessaryForFuse(MediaProvider.java:6792)
03-05 21:28:25.480  2162  2215 I MinecraftPE: Failed to create chunk file /storage/emulated/0/games/com.mojang/minecraftWorlds/Unnamed world/chunks.dat
03-05 21:28:25.488  1227  2220 W MediaProvider: Forgot to handle a top level directory in getContentUriForFile?
03-05 21:28:25.490  1227  2220 E MediaProvider: insertFileIfNecessary failed
03-05 21:28:25.490  1227  2220 E MediaProvider: java.lang.IllegalArgumentException: Primary directory games not allowed for content://media/external_primary/file; allowed directories are [Download, Documents]
03-05 21:28:25.490  1227  2220 E MediaProvider:         at com.android.providers.media.MediaProvider.ensureFileColumns(MediaProvider.java:2707)
03-05 21:28:25.490  1227  2220 E MediaProvider:         at com.android.providers.media.MediaProvider.ensureUniqueFileColumns(MediaProvider.java:2372)
03-05 21:28:25.490  1227  2220 E MediaProvider:         at com.android.providers.media.MediaProvider.insertFile(MediaProvider.java:2982)
03-05 21:28:25.490  1227  2220 E MediaProvider:         at com.android.providers.media.MediaProvider.insertInternal(MediaProvider.java:3521)
03-05 21:28:25.490  1227  2220 E MediaProvider:         at com.android.providers.media.MediaProvider.insert(MediaProvider.java:3237)
03-05 21:28:25.490  1227  2220 E MediaProvider:         at com.android.providers.media.MediaProvider.insertFileForFuse(MediaProvider.java:6705)
03-05 21:28:25.490  1227  2220 E MediaProvider:         at com.android.providers.media.MediaProvider.insertFileIfNecessaryForFuse(MediaProvider.java:6792)
03-05 21:28:25.491  2162  2215 I MinecraftPE: Failed to create chunk file /storage/emulated/0/games/com.mojang/minecraftWorlds/Unnamed world/chunks.dat
03-05 21:28:25.499  1227  1732 W MediaProvider: Forgot to handle a top level directory in getContentUriForFile?
03-05 21:28:25.502  1227  1732 E MediaProvider: insertFileIfNecessary failed
03-05 21:28:25.502  1227  1732 E MediaProvider: java.lang.IllegalArgumentException: Primary directory games not allowed for content://media/external_primary/file; allowed directories are [Download, Documents]
03-05 21:28:25.502  1227  1732 E MediaProvider:         at com.android.providers.media.MediaProvider.ensureFileColumns(MediaProvider.java:2707)
03-05 21:28:25.502  1227  1732 E MediaProvider:         at com.android.providers.media.MediaProvider.ensureUniqueFileColumns(MediaProvider.java:2372)
03-05 21:28:25.502  1227  1732 E MediaProvider:         at com.android.providers.media.MediaProvider.insertFile(MediaProvider.java:2982)
03-05 21:28:25.502  1227  1732 E MediaProvider:         at com.android.providers.media.MediaProvider.insertInternal(MediaProvider.java:3521)
03-05 21:28:25.502  1227  1732 E MediaProvider:         at com.android.providers.media.MediaProvider.insert(MediaProvider.java:3237)
03-05 21:28:25.502  1227  1732 E MediaProvider:         at com.android.providers.media.MediaProvider.insertFileForFuse(MediaProvider.java:6705)
03-05 21:28:25.502  1227  1732 E MediaProvider:         at com.android.providers.media.MediaProvider.insertFileIfNecessaryForFuse(MediaProvider.java:6792)
03-05 21:28:25.502  2162  2215 I MinecraftPE: Failed to create chunk file /storage/emulated/0/games/com.mojang/minecraftWorlds/Unnamed world/chunks.dat
03-05 21:28:25.513  1227  1733 W MediaProvider: Forgot to handle a top level directory in getContentUriForFile?
03-05 21:28:25.516  1227  1733 E MediaProvider: insertFileIfNecessary failed
03-05 21:28:25.516  1227  1733 E MediaProvider: java.lang.IllegalArgumentException: Primary directory games not allowed for content://media/external_primary/file; allowed directories are [Download, Documents]
03-05 21:28:25.516  1227  1733 E MediaProvider:         at com.android.providers.media.MediaProvider.ensureFileColumns(MediaProvider.java:2707)
03-05 21:28:25.516  1227  1733 E MediaProvider:         at com.android.providers.media.MediaProvider.ensureUniqueFileColumns(MediaProvider.java:2372)
03-05 21:28:25.516  1227  1733 E MediaProvider:         at com.android.providers.media.MediaProvider.insertFile(MediaProvider.java:2982)
03-05 21:28:25.516  1227  1733 E MediaProvider:         at com.android.providers.media.MediaProvider.insertInternal(MediaProvider.java:3521)
03-05 21:28:25.516  1227  1733 E MediaProvider:         at com.android.providers.media.MediaProvider.insert(MediaProvider.java:3237)
03-05 21:28:25.516  1227  1733 E MediaProvider:         at com.android.providers.media.MediaProvider.insertFileForFuse(MediaProvider.java:6705)
03-05 21:28:25.516  1227  1733 E MediaProvider:         at com.android.providers.media.MediaProvider.insertFileIfNecessaryForFuse(MediaProvider.java:6792)
03-05 21:28:25.517  2162  2215 I MinecraftPE: Failed to create chunk file /storage/emulated/0/games/com.mojang/minecraftWorlds/Unnamed world/chunks.dat
03-05 21:28:25.517  2162  2215 I MinecraftPE: Saving 1 additional chunks.
03-05 21:28:25.526  1227  1287 W MediaProvider: Forgot to handle a top level directory in getContentUriForFile?
03-05 21:28:25.530  1227  1287 E MediaProvider: insertFileIfNecessary failed
03-05 21:28:25.530  1227  1287 E MediaProvider: java.lang.IllegalArgumentException: Primary directory games not allowed for content://media/external_primary/file; allowed directories are [Download, Documents]
03-05 21:28:25.530  1227  1287 E MediaProvider:         at com.android.providers.media.MediaProvider.ensureFileColumns(MediaProvider.java:2707)
03-05 21:28:25.530  1227  1287 E MediaProvider:         at com.android.providers.media.MediaProvider.ensureUniqueFileColumns(MediaProvider.java:2372)
03-05 21:28:25.530  1227  1287 E MediaProvider:         at com.android.providers.media.MediaProvider.insertFile(MediaProvider.java:2982)
03-05 21:28:25.530  1227  1287 E MediaProvider:         at com.android.providers.media.MediaProvider.insertInternal(MediaProvider.java:3521)
03-05 21:28:25.530  1227  1287 E MediaProvider:         at com.android.providers.media.MediaProvider.insert(MediaProvider.java:3237)
03-05 21:28:25.530  1227  1287 E MediaProvider:         at com.android.providers.media.MediaProvider.insertFileForFuse(MediaProvider.java:6705)
03-05 21:28:25.530  1227  1287 E MediaProvider:         at com.android.providers.media.MediaProvider.insertFileIfNecessaryForFuse(MediaProvider.java:6792)
03-05 21:28:25.530  2162  2215 I MinecraftPE: Time to save 0 entities: 0.013458 s. Size: 40 bytes
03-05 21:28:25.530  2162  2215 I MinecraftPE: Writing down level seed as: 1772738892
03-05 21:28:25.542  1227  1289 W MediaProvider: Forgot to handle a top level directory in getContentUriForFile?
03-05 21:28:25.551  1227  1289 E MediaProvider: insertFileIfNecessary failed
03-05 21:28:25.551  1227  1289 E MediaProvider: java.lang.IllegalArgumentException: Primary directory games not allowed for content://media/external_primary/file; allowed directories are [Download, Documents]
03-05 21:28:25.551  1227  1289 E MediaProvider:         at com.android.providers.media.MediaProvider.ensureFileColumns(MediaProvider.java:2707)
03-05 21:28:25.551  1227  1289 E MediaProvider:         at com.android.providers.media.MediaProvider.ensureUniqueFileColumns(MediaProvider.java:2372)
03-05 21:28:25.551  1227  1289 E MediaProvider:         at com.android.providers.media.MediaProvider.insertFile(MediaProvider.java:2982)
03-05 21:28:25.551  1227  1289 E MediaProvider:         at com.android.providers.media.MediaProvider.insertInternal(MediaProvider.java:3521)
03-05 21:28:25.551  1227  1289 E MediaProvider:         at com.android.providers.media.MediaProvider.insert(MediaProvider.java:3237)
03-05 21:28:25.551  1227  1289 E MediaProvider:         at com.android.providers.media.MediaProvider.insertFileForFuse(MediaProvider.java:6705)
03-05 21:28:25.551  1227  1289 E MediaProvider:         at com.android.providers.media.MediaProvider.insertFileIfNecessaryForFuse(MediaProvider.java:6792)
03-05 21:28:25.551  2162  2215 I MinecraftPE: status: 2
03-05 21:28:25.551  2162  2215 I MinecraftPE: Generate level:   Time (AVGms/LTs(MAXs)/TTs, C) : 10521.930/10.521930(10.521930)/10.5219, 1
03-05 21:28:25.551  2162  2215 I MinecraftPE:  - light:         Time (AVGms/LTs(MAXs)/TTs, C) : 9.844/0.006134(1.990570)/2.5201, 256
03-05 21:28:25.551  2162  2215 I MinecraftPE:  - getTl:         Time (AVGms/LTs(MAXs)/TTs, C) : 31.254/0.044773(0.057592)/8.0009, 256
03-05 21:28:25.551  2162  2215 I MinecraftPE:  - clear:         Time (AVGms/LTs(MAXs)/TTs, C) : 0.122/0.000122(0.000122)/0.0001, 1
03-05 21:28:25.551  2162  2215 I MinecraftPE:  - prepr:         Time (AVGms/LTs(MAXs)/TTs, C) : 0.000/0.000000(0.000000)/0.0000, 1
03-05 21:28:25.552  2162  2215 I MinecraftPE: Level generated:  Time (AVGms/LTs(MAXs)/TTs, C) : 13419.473/13.419473(13.419473)/13.4195, 1
03-05 21:28:25.568   272   292 D Sensors : LightSensor readEvents x = 36.000000, raw = 36
03-05 21:28:25.601  2162  2183 F libc    : invalid pthread_t 0x80ffc1c0 passed to pthread_join
03-05 21:28:25.602  2162  2183 F libc    : Fatal signal 6 (SIGABRT), code -1 (SI_QUEUE) in tid 2183 (Thread-180), pid 2162 (tom.minecraftpe)
03-05 21:28:25.656   276   536 E RIL-QMI : qmuxd: TX message on fd=22, to qmux_client_id=0x0, len=113
03-05 21:28:25.664  2223  2223 W crash_dump32: failed to fetch registers for thread 2162: I/O error
03-05 21:28:25.665  2223  2223 W crash_dump32: failed to fetch registers for thread 2165: I/O error
03-05 21:28:25.665  2223  2223 W crash_dump32: failed to fetch registers for thread 2166: I/O error
03-05 21:28:25.665  2223  2223 W crash_dump32: failed to fetch registers for thread 2167: I/O error
03-05 21:28:25.665  2223  2223 W crash_dump32: failed to fetch registers for thread 2168: I/O error
03-05 21:28:25.666  2223  2223 W crash_dump32: failed to fetch registers for thread 2169: I/O error
03-05 21:28:25.666  2223  2223 W crash_dump32: failed to fetch registers for thread 2170: I/O error
03-05 21:28:25.666  2223  2223 W crash_dump32: failed to fetch registers for thread 2171: I/O error
03-05 21:28:25.666  2223  2223 W crash_dump32: failed to fetch registers for thread 2172: I/O error
03-05 21:28:25.667  2223  2223 W crash_dump32: failed to fetch registers for thread 2173: I/O error
03-05 21:28:25.667  2223  2223 W crash_dump32: failed to fetch registers for thread 2174: I/O error
03-05 21:28:25.668  2223  2223 W crash_dump32: failed to fetch registers for thread 2176: I/O error
03-05 21:28:25.670  2223  2223 W crash_dump32: failed to fetch registers for thread 2177: I/O error
03-05 21:28:25.670  2223  2223 W crash_dump32: failed to fetch registers for thread 2178: I/O error
03-05 21:28:25.671  2223  2223 W crash_dump32: failed to fetch registers for thread 2179: I/O error
03-05 21:28:25.672  2223  2223 W crash_dump32: failed to fetch registers for thread 2184: I/O error
03-05 21:28:25.673  2223  2223 W crash_dump32: failed to fetch registers for thread 2185: I/O error
03-05 21:28:25.674  2223  2223 W crash_dump32: failed to fetch registers for thread 2192: I/O error
03-05 21:28:25.675  2223  2223 W crash_dump32: failed to fetch registers for thread 2199: I/O error
03-05 21:28:25.676  2223  2223 W crash_dump32: failed to fetch registers for thread 2207: I/O error
03-05 21:28:25.676  2223  2223 W crash_dump32: failed to fetch registers for thread 2210: I/O error
03-05 21:28:25.677  2223  2223 W crash_dump32: failed to fetch registers for thread 2217: I/O error
03-05 21:28:25.678  2223  2223 W crash_dump32: failed to fetch registers for thread 2218: I/O error
03-05 21:28:25.689   276   276 E RIL-QMI : qmuxd: RX 47 bytes on fd=22 from qmux_client_id=0x0
03-05 21:28:25.694   276   536 E RIL-QMI : qmuxd: TX message on fd=22, to qmux_client_id=0x0, len=120
03-05 21:28:25.700   276   276 E RIL-QMI : qmuxd: RX 47 bytes on fd=22 from qmux_client_id=0x0
03-05 21:28:25.702  2223  2223 I crash_dump32: obtaining output fd from tombstoned, type: kDebuggerdTombstone
03-05 21:28:25.703   229   229 I tombstoned: received crash request for pid 2183
03-05 21:28:25.704   276   536 E RIL-QMI : qmuxd: TX message on fd=22, to qmux_client_id=0x0, len=120
03-05 21:28:25.704  2223  2223 I crash_dump32: performing dump of process 2162 (target tid = 2183)
03-05 21:28:25.734  2223  2223 F DEBUG   : *** *** *** *** *** *** *** *** *** *** *** *** *** *** *** ***
03-05 21:28:25.734  2223  2223 F DEBUG   : Havoc-OS Version: '4.8'
03-05 21:28:25.734  2223  2223 F DEBUG   : Build fingerprint: 'samsung/serranoltexx/serranolte:4.4.2/KOT49H/I9195XXUCQL2:user/release-keys'
03-05 21:28:25.734  2223  2223 F DEBUG   : Revision: '0'
03-05 21:28:25.734  2223  2223 F DEBUG   : ABI: 'arm'
03-05 21:28:25.735  2223  2223 F DEBUG   : Timestamp: 2026-03-05 21:28:25+0200
03-05 21:28:25.735  2223  2223 F DEBUG   : pid: 2162, tid: 2183, name: Thread-180  >>> com.custom.minecraftpe <<<
03-05 21:28:25.735  2223  2223 F DEBUG   : uid: 10185
03-05 21:28:25.735  2223  2223 F DEBUG   : signal 6 (SIGABRT), code -1 (SI_QUEUE), fault addr --------
03-05 21:28:25.735  2223  2223 F DEBUG   : Abort message: 'invalid pthread_t 0x80ffc1c0 passed to pthread_join'
03-05 21:28:25.735  2223  2223 F DEBUG   :     r0  00000000  r1  00000887  r2  00000006  r3  83b7af98
03-05 21:28:25.736  2223  2223 F DEBUG   :     r4  83b7afac  r5  83b7af90  r6  00000872  r7  0000016b
03-05 21:28:25.736  2223  2223 F DEBUG   :     r8  83b7af98  r9  83b7afa8  r10 83b7afc8  r11 83b7afb8
03-05 21:28:25.736  2223  2223 F DEBUG   :     ip  00000887  sp  83b7af68  lr  ac3fbed1  pc  ac3fbee4
03-05 21:28:25.750  2223  2223 F DEBUG   : backtrace:
03-05 21:28:25.750  2223  2223 F DEBUG   :       #00 pc 00038ee4  /apex/com.android.runtime/lib/bionic/libc.so (abort+172) (BuildId: dfd35824296878c5e25149d780dd7d13)
03-05 21:28:25.750  2223  2223 F DEBUG   :       #01 pc 00082537  /apex/com.android.runtime/lib/bionic/libc.so (__pthread_internal_find(long, char const*)+98) (BuildId: dfd35824296878c5e25149d780dd7d13)
03-05 21:28:25.750  2223  2223 F DEBUG   :       #02 pc 00082593  /apex/com.android.runtime/lib/bionic/libc.so (pthread_join+58) (BuildId: dfd35824296878c5e25149d780dd7d13)
03-05 21:28:25.750  2223  2223 F DEBUG   :       #03 pc 000bac07  /data/app/~~944-MoVgVAW-DcmfNFv2EA==/com.custom.minecraftpe-AjJH9hfscek0JYD9YE71dg==/lib/arm/libminecraftpe.so (CThread::~CThread()+18)
03-05 21:28:25.750  2223  2223 F DEBUG   :       #04 pc 000bac21  /data/app/~~944-MoVgVAW-DcmfNFv2EA==/com.custom.minecraftpe-AjJH9hfscek0JYD9YE71dg==/lib/arm/libminecraftpe.so (CThread::~CThread()+4)
03-05 21:28:25.750  2223  2223 F DEBUG   :       #05 pc 000bdfc9  /data/app/~~944-MoVgVAW-DcmfNFv2EA==/com.custom.minecraftpe-AjJH9hfscek0JYD9YE71dg==/lib/arm/libminecraftpe.so (Minecraft::tick(int, int)+152)
03-05 21:28:25.750  2223  2223 F DEBUG   :       #06 pc 000be145  /data/app/~~944-MoVgVAW-DcmfNFv2EA==/com.custom.minecraftpe-AjJH9hfscek0JYD9YE71dg==/lib/arm/libminecraftpe.so (Minecraft::update()+96)
03-05 21:28:25.751  2223  2223 F DEBUG   :       #07 pc 000bb399  /data/app/~~944-MoVgVAW-DcmfNFv2EA==/com.custom.minecraftpe-AjJH9hfscek0JYD9YE71dg==/lib/arm/libminecraftpe.so (NinecraftApp::update()+20)
03-05 21:28:25.751  2223  2223 F DEBUG   :       #08 pc 000b8a3b  /data/app/~~944-MoVgVAW-DcmfNFv2EA==/com.custom.minecraftpe-AjJH9hfscek0JYD9YE71dg==/lib/arm/libminecraftpe.so (android_main+778)
03-05 21:28:25.751  2223  2223 F DEBUG   :       #09 pc 0014a2b3  /data/app/~~944-MoVgVAW-DcmfNFv2EA==/com.custom.minecraftpe-AjJH9hfscek0JYD9YE71dg==/lib/arm/libminecraftpe.so
03-05 21:28:25.751  2223  2223 F DEBUG   :       #10 pc 0008221b  /apex/com.android.runtime/lib/bionic/libc.so (__pthread_start(void*)+40) (BuildId: dfd35824296878c5e25149d780dd7d13)
03-05 21:28:25.751  2223  2223 F DEBUG   :       #11 pc 0003a3fd  /apex/com.android.runtime/lib/bionic/libc.so (__start_thread+30) (BuildId: dfd35824296878c5e25149d780dd7d13)
03-05 21:28:25.818   272   292 D Sensors : LightSensor readEvents x = 36.000000, raw = 36
03-05 21:28:25.810  2223  2223 I crash_dump32: type=1400 audit(0.0:3): avc: denied { open } for name="u:object_r:hwservicemanager_prop:s0" dev="tmpfs" ino=6031 scontext=u:r:crash_dump:s0:c185,c256,c512,c768 tcontext=u:object_r:hwservicemanager_prop:s0 tclass=file permissive=1 app=com.custom.minecraftpe
03-05 21:28:25.813  2223  2223 I crash_dump32: type=1400 audit(0.0:5): avc: denied { open } for name="u:object_r:device_config_runtime_native_prop:s0" dev="tmpfs" ino=5982 scontext=u:r:crash_dump:s0:c185,c256,c512,c768 tcontext=u:object_r:device_config_runtime_native_prop:s0 tclass=file permissive=1 app=com.custom.minecraftpe
03-05 21:28:25.856  2223  2223 I crash_dump32: type=1400 audit(0.0:7): avc: denied { open } for name="u:object_r:media_variant_prop:s0" dev="tmpfs" ino=6049 scontext=u:r:crash_dump:s0:c185,c256,c512,c768 tcontext=u:object_r:media_variant_prop:s0 tclass=file permissive=1 app=com.custom.minecraftpe
03-05 21:28:25.860  2223  2223 I crash_dump32: type=1400 audit(0.0:9): avc: denied { open } for name="u:object_r:exported_camera_prop:s0" dev="tmpfs" ino=6003 scontext=u:r:crash_dump:s0:c185,c256,c512,c768 tcontext=u:object_r:exported_camera_prop:s0 tclass=file permissive=1 app=com.custom.minecraftpe
01-01 03:12:27.487     0     0 W audit   : audit_lost=1 audit_rate_limit=5 audit_backlog_limit=64
01-01 03:12:27.487     0     0 E audit   : rate limit exceeded
03-05 21:28:25.893  2223  2223 I crash_dump32: type=1400 audit(0.0:11): avc: denied { open } for name="kgsl-3d0" dev="tmpfs" ino=7302 scontext=u:r:crash_dump:s0:c185,c256,c512,c768 tcontext=u:object_r:gpu_device:s0 tclass=chr_file permissive=1 app=com.custom.minecraftpe
03-05 21:28:26.068   272   292 D Sensors : LightSensor readEvents x = 36.000000, raw = 36
03-05 21:28:26.142   229   229 E tombstoned: Tombstone written to: /data/tombstones/tombstone_00
01-01 03:12:27.759     0     0 I init    : Untracked pid 2225 exited with status 0
03-05 21:28:26.174   501  2226 W ActivityTaskManager:   Force finishing activity com.custom.minecraftpe/com.mojang.minecraftpe.MainActivity
01-01 03:12:27.761     0     0 I init    : Untracked pid 2223 exited with status 0
03-05 21:28:26.178   501  2227 I DropBoxManagerService: add tag=data_app_native_crash isTagEnabled=true flags=0x2
03-05 21:28:26.183   501   531 I BootReceiver: Copying /data/tombstones/tombstone_00 to DropBox (SYSTEM_TOMBSTONE)
03-05 21:28:26.184   501   531 I DropBoxManagerService: add tag=SYSTEM_TOMBSTONE isTagEnabled=true flags=0x2
03-05 21:28:26.236   501  1084 I WindowManager: WIN DEATH: Window{6654b4d u0 com.custom.minecraftpe/com.mojang.minecraftpe.MainActivity}
03-05 21:28:26.237   501  1193 I ActivityManager: Process com.custom.minecraftpe (pid 2162) has died: fg  TOP
01-01 03:12:27.824     0     0 I binder  : undelivered transaction 211808, process died.
01-01 03:12:27.825     0     0 I binder  : undelivered transaction 211795, process died.
03-05 21:28:26.251   234   234 I Zygote  : Process 2162 exited due to signal 6 (Aborted)
03-05 21:28:26.277   270   270 D PowerHAL: power_hint: no power profile selected yet
03-05 21:28:26.282   501   527 I libprocessgroup: Successfully killed process cgroup uid 10185 pid 2162 in 45ms
03-05 21:28:26.292   270   270 D PowerHAL: power_hint: no power profile selected yet
03-05 21:28:26.322   501   519 W ActivityManager: setHasOverlayUi called on unknown pid: 2162
03-05 21:28:26.322   272   292 D Sensors : LightSensor readEvents x = 36.000000, raw = 36
03-05 21:28:26.385  1763  1780 W Adreno-EGL: <qeglDrvAPI_eglGetConfigAttrib:607>: EGL_BAD_ATTRIBUTE
03-05 21:28:26.572   272   292 D Sensors : LightSensor readEvents x = 36.000000, raw = 36
03-05 21:28:26.680   501   519 W ActivityTaskManager: Activity top resumed state loss timeout for ActivityRecord{7bbe951 u0 com.custom.minecraftpe/com.mojang.minecraftpe.MainActivity t-1 f}}
03-05 21:28:26.716  1763  1780 W Adreno-EGL: <qeglDrvAPI_eglGetConfigAttrib:607>: EGL_BAD_ATTRIBUTE
03-05 21:28:26.725   501   519 I ActivityTaskManager: Config changes=20000480 {1.0 ?mcc?mnc [en_GB] ldltr sw360dp w360dp h600dp 240dpi nrml long port finger -keyb/v/h -nav/h winConfig={ mBounds=Rect(0, 0 - 540, 960) mAppBounds=Rect(0, 0 - 540, 936) mWindowingMode=fullscreen mDisplayWindowingMode=fullscreen mActivityType=undefined mAlwaysOnTop=undefined mRotation=ROTATION_0} s.231}
03-05 21:28:26.788   501   519 I WindowManager: Override config changes=20000480 {1.0 ?mcc?mnc [en_GB] ldltr sw360dp w360dp h600dp 240dpi nrml long port finger -keyb/v/h -nav/h winConfig={ mBounds=Rect(0, 0 - 540, 960) mAppBounds=Rect(0, 0 - 540, 936) mWindowingMode=fullscreen mDisplayWindowingMode=fullscreen mActivityType=undefined mAlwaysOnTop=undefined mRotation=ROTATION_0} s.231} for displayId=0
03-05 21:28:26.814   501   519 V WindowManager: Orientation start waiting for draw, mDrawState=DRAW_PENDING in Window{b837e6b u0 ScreenDecorOverlayBottom}, surfaceController Surface(name=ScreenDecorOverlayBottom)/@0xbfe08f8
03-05 21:28:26.814   501   519 V WindowManager: Orientation start waiting for draw, mDrawState=DRAW_PENDING in Window{4bfcebd u0 ScreenDecorOverlay}, surfaceController Surface(name=ScreenDecorOverlay)/@0xf628c12
03-05 21:28:26.821   272   292 D Sensors : LightSensor readEvents x = 36.000000, raw = 36
03-05 21:28:26.847   665  1057 W Adreno-EGL: <qeglDrvAPI_eglGetConfigAttrib:607>: EGL_BAD_ATTRIBUTE
03-05 21:28:26.896  1763  1780 W Adreno-EGL: <qeglDrvAPI_eglGetConfigAttrib:607>: EGL_BAD_ATTRIBUTE
03-05 21:28:26.951   665  1057 W Adreno-EGL: <qeglDrvAPI_eglGetConfigAttrib:607>: EGL_BAD_ATTRIBUTE
03-05 21:28:26.968   501   519 I InputManager-JNI: Viewport [0] to add: local:0, isActive: true
03-05 21:28:26.970   501   585 I InputReader: Reconfiguring input devices, changes=DISPLAY_INFO |
03-05 21:28:26.970   501   585 I InputReader: Device reconfigured: id=2, name='sec_touchscreen', size 540x960, orientation 0, mode 1, display id 0
03-05 21:28:26.986   665  1057 W Adreno-EGL: <qeglDrvAPI_eglGetConfigAttrib:607>: EGL_BAD_ATTRIBUTE
03-05 21:28:27.074   272   292 D Sensors : LightSensor readEvents x = 36.000000, raw = 36
01-01 03:12:28.695     0     0 I init    : starting service 'idmap2d'...
01-01 03:12:28.716     0     0 I init    : Control message: Processed ctl.start for 'idmap2d' from pid: 501 (system_server)
03-05 21:28:27.177  1763  1768 I oid.documentsu: Background young concurrent copying GC freed 9468(500KB) AllocSpace objects, 0(0B) LOS objects, 33% free, 4402KB/6616KB, paused 946us total 501.358ms
03-05 21:28:27.300   665  1057 W Adreno-EGL: <qeglDrvAPI_eglGetConfigAttrib:607>: EGL_BAD_ATTRIBUTE
03-05 21:28:27.321   272   292 D Sensors : LightSensor readEvents x = 36.000000, raw = 36
03-05 21:28:27.380   665  1057 W Adreno-EGL: <qeglDrvAPI_eglGetConfigAttrib:607>: EGL_BAD_ATTRIBUTE
03-05 21:28:27.392   270   270 D PowerHAL: power_hint: no power profile selected yet
03-05 21:28:27.392   270   270 D PowerHAL: power_hint: no power profile selected yet
03-05 21:28:27.411   665  1057 W Adreno-EGL: <qeglDrvAPI_eglGetConfigAttrib:607>: EGL_BAD_ATTRIBUTE
03-05 21:28:27.572   272   292 D Sensors : LightSensor readEvents x = 36.000000, raw = 36
03-05 21:28:29.866   501  1156 E TaskPersister: File error accessing recents directory (directory doesn't exist?).
03-05 21:28:30.073   272   292 I chatty  : uid=1000(system) sensors@1.0-ser identical 10 lines
03-05 21:28:30.323   272   292 D Sensors : LightSensor readEvents x = 36.000000, raw = 36
03-05 21:28:30.412   276   536 E RIL-QMI : qmuxd: TX message on fd=22, to qmux_client_id=0x0, len=56
03-05 21:28:30.415   276   276 E RIL-QMI : qmuxd: RX 47 bytes on fd=22 from qmux_client_id=0x0
03-05 21:28:30.416   276   536 E RIL-QMI : qmuxd: TX message on fd=22, to qmux_client_id=0x0, len=68
03-05 21:28:30.573   272   292 D Sensors : LightSensor readEvents x = 36.000000, raw = 36
03-05 21:28:32.823   272   292 I chatty  : uid=1000(system) sensors@1.0-ser identical 9 lines
03-05 21:28:33.073   272   292 D Sensors : LightSensor readEvents x = 36.000000, raw = 36
03-05 21:28:33.183   276   536 E RIL-QMI : qmuxd: TX message on fd=22, to qmux_client_id=0x0, len=56
03-05 21:28:33.184   276   276 E RIL-QMI : qmuxd: RX 47 bytes on fd=22 from qmux_client_id=0x0
03-05 21:28:33.186   276   536 E RIL-QMI : qmuxd: TX message on fd=22, to qmux_client_id=0x0, len=68
03-05 21:28:33.323   272   292 D Sensors : LightSensor readEvents x = 36.000000, raw = 36
03-05 21:28:34.849   334   334 W wificond: Failed to get NL80211_ATTR_EXT_FEATURES
^C
G:\Newfolder\platform-tools-latest-windows\platform-tools>